hostname
karthick-VirtualBoxUbuntu
karthick@karthick-VirtualBoxUbuntu:~$ 
karthick@karthick-VirtualBoxUbuntu:~$ 
karthick@karthick-VirtualBoxUbuntu:~$ ip a
1: lo: <LOOPBACK,UP,LOWER_UP> mtu 65536 qdisc noqueue state UNKNOWN group default qlen 1000
    link/loopback 00:00:00:00:00:00 brd 00:00:00:00:00:00
    inet 127.0.0.1/8 scope host lo
       valid_lft forever preferred_lft forever
    inet6 ::1/128 scope host noprefixroute 
       valid_lft forever preferred_lft forever
2: enp0s3: <BROADCAST,MULTICAST,UP,LOWER_UP> mtu 1500 qdisc fq_codel state UP group default qlen 1000
    link/ether 08:00:27:14:c9:53 brd ff:ff:ff:ff:ff:ff
    inet 10.0.2.15/24 brd 10.0.2.255 scope global dynamic noprefixroute enp0s3
       valid_lft 85259sec preferred_lft 85259sec
    inet6 fe80::a00:27ff:fe14:c953/64 scope link 
       valid_lft forever preferred_lft forever
karthick@karthick-VirtualBoxUbuntu:~$ 
karthick@karthick-VirtualBoxUbuntu:~$ 
karthick@karthick-VirtualBoxUbuntu:~$ sudo ip addr add 192.168.1.10/24 dev enp0s3 
karthick@karthick-VirtualBoxUbuntu:~$ 
karthick@karthick-VirtualBoxUbuntu:~$ 
karthick@karthick-VirtualBoxUbuntu:~$ ip a
1: lo: <LOOPBACK,UP,LOWER_UP> mtu 65536 qdisc noqueue state UNKNOWN group default qlen 1000
    link/loopback 00:00:00:00:00:00 brd 00:00:00:00:00:00
    inet 127.0.0.1/8 scope host lo
       valid_lft forever preferred_lft forever
    inet6 ::1/128 scope host noprefixroute 
       valid_lft forever preferred_lft forever
2: enp0s3: <BROADCAST,MULTICAST,UP,LOWER_UP> mtu 1500 qdisc fq_codel state UP group default qlen 1000
    link/ether 08:00:27:14:c9:53 brd ff:ff:ff:ff:ff:ff
    inet 10.0.2.15/24 brd 10.0.2.255 scope global dynamic noprefixroute enp0s3
       valid_lft 85191sec preferred_lft 85191sec
    inet 192.168.1.10/24 scope global enp0s3
       valid_lft forever preferred_lft forever
    inet6 fe80::a00:27ff:fe14:c953/64 scope link 
       valid_lft forever preferred_lft forever
karthick@karthick-VirtualBoxUbuntu:~$ 
karthick@karthick-VirtualBoxUbuntu:~$ ping -c 5 192.168.1.20
PING 192.168.1.20 (192.168.1.20) 56(84) bytes of data.
From 192.168.1.10 icmp_seq=1 Destination Host Unreachable
From 192.168.1.10 icmp_seq=2 Destination Host Unreachable
From 192.168.1.10 icmp_seq=3 Destination Host Unreachable
From 192.168.1.10 icmp_seq=4 Destination Host Unreachable
From 192.168.1.10 icmp_seq=5 Destination Host Unreachable

--- 192.168.1.20 ping statistics ---
5 packets transmitted, 0 received, +5 errors, 100% packet loss, time 4123ms
pipe 4
karthick@karthick-VirtualBoxUbuntu:~$ sudo ip link add veth0 type dummy
karthick@karthick-VirtualBoxUbuntu:~$ sudo ip addr add 192.168.1.10/24 dev veth0 
karthick@karthick-VirtualBoxUbuntu:~$ sudo ip link set veth0 up
karthick@karthick-VirtualBoxUbuntu:~$ ping -c 5 192.168.1.20
PING 192.168.1.20 (192.168.1.20) 56(84) bytes of data.
64 bytes from 192.168.1.20: icmp_seq=1 ttl=64 time=36.1 ms
64 bytes from 192.168.1.20: icmp_seq=2 ttl=64 time=2.67 ms
64 bytes from 192.168.1.20: icmp_seq=3 ttl=64 time=3.73 ms
64 bytes from 192.168.1.20: icmp_seq=4 ttl=64 time=1.24 ms
64 bytes from 192.168.1.20: icmp_seq=5 ttl=64 time=2.55 ms

--- 192.168.1.20 ping statistics ---
5 packets transmitted, 5 received, 0% packet loss, time 4765ms
rtt min/avg/max/mdev = 1.244/9.259/36.106/13.446 ms
karthick@karthick-VirtualBoxUbuntu:~$ cd Desktop/
karthick@karthick-VirtualBoxUbuntu:~/Desktop$ ip a
1: lo: <LOOPBACK,UP,LOWER_UP> mtu 65536 qdisc noqueue state UNKNOWN group default qlen 1000
    link/loopback 00:00:00:00:00:00 brd 00:00:00:00:00:00
    inet 127.0.0.1/8 scope host lo
       valid_lft forever preferred_lft forever
    inet6 ::1/128 scope host noprefixroute 
       valid_lft forever preferred_lft forever
2: enp0s3: <BROADCAST,MULTICAST,UP,LOWER_UP> mtu 1500 qdisc fq_codel state UP group default qlen 1000
    link/ether 08:00:27:14:c9:53 brd ff:ff:ff:ff:ff:ff
    inet 10.0.2.15/24 brd 10.0.2.255 scope global dynamic noprefixroute enp0s3
       valid_lft 84530sec preferred_lft 84530sec
    inet 192.168.1.10/24 scope global enp0s3
       valid_lft forever preferred_lft forever
    inet6 fe80::a00:27ff:fe14:c953/64 scope link 
       valid_lft forever preferred_lft forever
3: veth0: <BROADCAST,NOARP,UP,LOWER_UP> mtu 1500 qdisc noqueue state UNKNOWN group default qlen 1000
    link/ether ba:eb:f1:15:28:58 brd ff:ff:ff:ff:ff:ff
    inet 192.168.1.10/24 scope global veth0
       valid_lft forever preferred_lft forever
    inet6 fe80::b8eb:f1ff:fe15:2858/64 scope link 
       valid_lft forever preferred_lft forever
hostname
karthick-VirtualBoxUbuntu
karthick@karthick-VirtualBoxUbuntu:~$ 
karthick@karthick-VirtualBoxUbuntu:~$ 
karthick@karthick-VirtualBoxUbuntu:~$ sudo ip addr add 192.168.1.10/24 dev eth0
[sudo] password for karthick: 
Cannot find device "eth0"
karthick@karthick-VirtualBoxUbuntu:~$ ip a
1: lo: <LOOPBACK,UP,LOWER_UP> mtu 65536 qdisc noqueue state UNKNOWN group default qlen 1000
    link/loopback 00:00:00:00:00:00 brd 00:00:00:00:00:00
    inet 127.0.0.1/8 scope host lo
       valid_lft forever preferred_lft forever
    inet6 ::1/128 scope host noprefixroute 
       valid_lft forever preferred_lft forever
2: enp0s3: <BROADCAST,MULTICAST,UP,LOWER_UP> mtu 1500 qdisc fq_codel state UP group default qlen 1000
    link/ether 08:00:27:14:c9:53 brd ff:ff:ff:ff:ff:ff
    inet 10.0.2.15/24 brd 10.0.2.255 scope global dynamic noprefixroute enp0s3
       valid_lft 85259sec preferred_lft 85259sec
    inet6 fe80::a00:27ff:fe14:c953/64 scope link 
       valid_lft forever preferred_lft forever
karthick@karthick-VirtualBoxUbuntu:~$ 
karthick@karthick-VirtualBoxUbuntu:~$ 
karthick@karthick-VirtualBoxUbuntu:~$ sudo ip addr add 192.168.1.10/24 dev enp0s3 
karthick@karthick-VirtualBoxUbuntu:~$ 
karthick@karthick-VirtualBoxUbuntu:~$ 
karthick@karthick-VirtualBoxUbuntu:~$ ip a
1: lo: <LOOPBACK,UP,LOWER_UP> mtu 65536 qdisc noqueue state UNKNOWN group default qlen 1000
    link/loopback 00:00:00:00:00:00 brd 00:00:00:00:00:00
    inet 127.0.0.1/8 scope host lo
       valid_lft forever preferred_lft forever
    inet6 ::1/128 scope host noprefixroute 
       valid_lft forever preferred_lft forever
2: enp0s3: <BROADCAST,MULTICAST,UP,LOWER_UP> mtu 1500 qdisc fq_codel state UP group default qlen 1000
    link/ether 08:00:27:14:c9:53 brd ff:ff:ff:ff:ff:ff
    inet 10.0.2.15/24 brd 10.0.2.255 scope global dynamic noprefixroute enp0s3
       valid_lft 85191sec preferred_lft 85191sec
    inet 192.168.1.10/24 scope global enp0s3
       valid_lft forever preferred_lft forever
    inet6 fe80::a00:27ff:fe14:c953/64 scope link 
       valid_lft forever preferred_lft forever
karthick@karthick-VirtualBoxUbuntu:~$ 
karthick@karthick-VirtualBoxUbuntu:~$ ping -c 5 192.168.1.20
PING 192.168.1.20 (192.168.1.20) 56(84) bytes of data.
From 192.168.1.10 icmp_seq=1 Destination Host Unreachable
From 192.168.1.10 icmp_seq=2 Destination Host Unreachable
From 192.168.1.10 icmp_seq=3 Destination Host Unreachable
From 192.168.1.10 icmp_seq=4 Destination Host Unreachable
From 192.168.1.10 icmp_seq=5 Destination Host Unreachable

--- 192.168.1.20 ping statistics ---
5 packets transmitted, 0 received, +5 errors, 100% packet loss, time 4123ms
pipe 4
karthick@karthick-VirtualBoxUbuntu:~$ sudo ip link add veth0 type dummy
karthick@karthick-VirtualBoxUbuntu:~$ sudo ip addr add 192.168.1.10/24 dev veth0 
karthick@karthick-VirtualBoxUbuntu:~$ sudo ip link set veth0 up
karthick@karthick-VirtualBoxUbuntu:~$ ping -c 5 192.168.1.20
PING 192.168.1.20 (192.168.1.20) 56(84) bytes of data.
64 bytes from 192.168.1.20: icmp_seq=1 ttl=64 time=36.1 ms
64 bytes from 192.168.1.20: icmp_seq=2 ttl=64 time=2.67 ms
64 bytes from 192.168.1.20: icmp_seq=3 ttl=64 time=3.73 ms
64 bytes from 192.168.1.20: icmp_seq=4 ttl=64 time=1.24 ms
64 bytes from 192.168.1.20: icmp_seq=5 ttl=64 time=2.55 ms

--- 192.168.1.20 ping statistics ---
5 packets transmitted, 5 received, 0% packet loss, time 4765ms
rtt min/avg/max/mdev = 1.244/9.259/36.106/13.446 ms
karthick@karthick-VirtualBoxUbuntu:~$ cd Desktop/
karthick@karthick-VirtualBoxUbuntu:~/Desktop$ ip a
1: lo: <LOOPBACK,UP,LOWER_UP> mtu 65536 qdisc noqueue state UNKNOWN group default qlen 1000
    link/loopback 00:00:00:00:00:00 brd 00:00:00:00:00:00
    inet 127.0.0.1/8 scope host lo
       valid_lft forever preferred_lft forever
    inet6 ::1/128 scope host noprefixroute 
       valid_lft forever preferred_lft forever
2: enp0s3: <BROADCAST,MULTICAST,UP,LOWER_UP> mtu 1500 qdisc fq_codel state UP group default qlen 1000
    link/ether 08:00:27:14:c9:53 brd ff:ff:ff:ff:ff:ff
    inet 10.0.2.15/24 brd 10.0.2.255 scope global dynamic noprefixroute enp0s3
       valid_lft 84530sec preferred_lft 84530sec
    inet 192.168.1.10/24 scope global enp0s3
       valid_lft forever preferred_lft forever
    inet6 fe80::a00:27ff:fe14:c953/64 scope link 
       valid_lft forever preferred_lft forever
3: veth0: <BROADCAST,NOARP,UP,LOWER_UP> mtu 1500 qdisc noqueue state UNKNOWN group default qlen 1000
    link/ether ba:eb:f1:15:28:58 brd ff:ff:ff:ff:ff:ff
    inet 192.168.1.10/24 scope global veth0
       valid_lft forever preferred_lft forever
    inet6 fe80::b8eb:f1ff:fe15:2858/64 scope link 
       valid_lft forever preferred_lft forever
hostname
karthick-VirtualBoxUbuntu
karthick@karthick-VirtualBoxUbuntu:~$ 
karthick@karthick-VirtualBoxUbuntu:~$ 
karthick@karthick-VirtualBoxUbuntu:~$ sudo ip addr add 192.168.1.10/24 dev eth0
[sudo] password for karthick: 
Cannot find device "eth0"
karthick@karthick-VirtualBoxUbuntu:~$ ip a
1: lo: <LOOPBACK,UP,LOWER_UP> mtu 65536 qdisc noqueue state UNKNOWN group default qlen 1000
    link/loopback 00:00:00:00:00:00 brd 00:00:00:00:00:00
    inet 127.0.0.1/8 scope host lo
       valid_lft forever preferred_lft forever
    inet6 ::1/128 scope host noprefixroute 
       valid_lft forever preferred_lft forever
2: enp0s3: <BROADCAST,MULTICAST,UP,LOWER_UP> mtu 1500 qdisc fq_codel state UP group default qlen 1000
    link/ether 08:00:27:14:c9:53 brd ff:ff:ff:ff:ff:ff
    inet 10.0.2.15/24 brd 10.0.2.255 scope global dynamic noprefixroute enp0s3
       valid_lft 85259sec preferred_lft 85259sec
    inet6 fe80::a00:27ff:fe14:c953/64 scope link 
       valid_lft forever preferred_lft forever
karthick@karthick-VirtualBoxUbuntu:~$ 
karthick@karthick-VirtualBoxUbuntu:~$ 
karthick@karthick-VirtualBoxUbuntu:~$ sudo ip addr add 192.168.1.10/24 dev enp0s3 
karthick@karthick-VirtualBoxUbuntu:~$ 
karthick@karthick-VirtualBoxUbuntu:~$ 
karthick@karthick-VirtualBoxUbuntu:~$ ip a
1: lo: <LOOPBACK,UP,LOWER_UP> mtu 65536 qdisc noqueue state UNKNOWN group default qlen 1000
    link/loopback 00:00:00:00:00:00 brd 00:00:00:00:00:00
    inet 127.0.0.1/8 scope host lo
       valid_lft forever preferred_lft forever
    inet6 ::1/128 scope host noprefixroute 
       valid_lft forever preferred_lft forever
2: enp0s3: <BROADCAST,MULTICAST,UP,LOWER_UP> mtu 1500 qdisc fq_codel state UP group default qlen 1000
    link/ether 08:00:27:14:c9:53 brd ff:ff:ff:ff:ff:ff
    inet 10.0.2.15/24 brd 10.0.2.255 scope global dynamic noprefixroute enp0s3
       valid_lft 85191sec preferred_lft 85191sec
    inet 192.168.1.10/24 scope global enp0s3
       valid_lft forever preferred_lft forever
    inet6 fe80::a00:27ff:fe14:c953/64 scope link 
       valid_lft forever preferred_lft forever
karthick@karthick-VirtualBoxUbuntu:~$ 
karthick@karthick-VirtualBoxUbuntu:~$ ping -c 5 192.168.1.20
PING 192.168.1.20 (192.168.1.20) 56(84) bytes of data.
From 192.168.1.10 icmp_seq=1 Destination Host Unreachable
From 192.168.1.10 icmp_seq=2 Destination Host Unreachable
From 192.168.1.10 icmp_seq=3 Destination Host Unreachable
From 192.168.1.10 icmp_seq=4 Destination Host Unreachable
From 192.168.1.10 icmp_seq=5 Destination Host Unreachable

--- 192.168.1.20 ping statistics ---
5 packets transmitted, 0 received, +5 errors, 100% packet loss, time 4123ms
pipe 4
karthick@karthick-VirtualBoxUbuntu:~$ sudo ip link add veth0 type dummy
karthick@karthick-VirtualBoxUbuntu:~$ sudo ip addr add 192.168.1.10/24 dev veth0 
karthick@karthick-VirtualBoxUbuntu:~$ sudo ip link set veth0 up
karthick@karthick-VirtualBoxUbuntu:~$ ping -c 5 192.168.1.20
PING 192.168.1.20 (192.168.1.20) 56(84) bytes of data.
64 bytes from 192.168.1.20: icmp_seq=1 ttl=64 time=36.1 ms
64 bytes from 192.168.1.20: icmp_seq=2 ttl=64 time=2.67 ms
64 bytes from 192.168.1.20: icmp_seq=3 ttl=64 time=3.73 ms
64 bytes from 192.168.1.20: icmp_seq=4 ttl=64 time=1.24 ms
64 bytes from 192.168.1.20: icmp_seq=5 ttl=64 time=2.55 ms

--- 192.168.1.20 ping statistics ---
5 packets transmitted, 5 received, 0% packet loss, time 4765ms
rtt min/avg/max/mdev = 1.244/9.259/36.106/13.446 ms
karthick@karthick-VirtualBoxUbuntu:~$ cd Desktop/
karthick@karthick-VirtualBoxUbuntu:~/Desktop$ ip a
1: lo: <LOOPBACK,UP,LOWER_UP> mtu 65536 qdisc noqueue state UNKNOWN group default qlen 1000
    link/loopback 00:00:00:00:00:00 brd 00:00:00:00:00:00
    inet 127.0.0.1/8 scope host lo
       valid_lft forever preferred_lft forever
    inet6 ::1/128 scope host noprefixroute 
       valid_lft forever preferred_lft forever
2: enp0s3: <BROADCAST,MULTICAST,UP,LOWER_UP> mtu 1500 qdisc fq_codel state UP group default qlen 1000
    link/ether 08:00:27:14:c9:53 brd ff:ff:ff:ff:ff:ff
    inet 10.0.2.15/24 brd 10.0.2.255 scope global dynamic noprefixroute enp0s3
       valid_lft 84530sec preferred_lft 84530sec
    inet 192.168.1.10/24 scope global enp0s3
       valid_lft forever preferred_lft forever
    inet6 fe80::a00:27ff:fe14:c953/64 scope link 
       valid_lft forever preferred_lft forever
3: veth0: <BROADCAST,NOARP,UP,LOWER_UP> mtu 1500 qdisc noqueue state UNKNOWN group default qlen 1000
    link/ether ba:eb:f1:15:28:58 brd ff:ff:ff:ff:ff:ff
    inet 192.168.1.10/24 scope global veth0
       valid_lft forever preferred_lft forever
    inet6 fe80::b8eb:f1ff:fe15:2858/64 scope link 
       valid_lft forever preferred_lft forever
