#various test cases being checked with the file_analyzer script

#directory structure of the entire module 
karthick-s-n@karthick-s-n-1-2:~/Desktop/LINUX_TRNG/module5$ tree -a
.
├── file_analyzer.sh
└── test_info_dir
    ├── logs
    │   ├── errors
    │   │   └── log3.txt
    │   ├── log1.txt
    │   └── log2.txt
    └── script.sh

4 directories, 5 files

karthick-s-n@karthick-s-n-1-2:~/Desktop/LINUX_TRNG/module5$ ./file_analyzer.sh 

Error: Invalid usage. Use --help for execution usage info!!!!!!!

karthick-s-n@karthick-s-n-1-2:~/Desktop/LINUX_TRNG/module5$ cat errors.log 

Error: Invalid usage. Use --help for execution usage info!!!!!!!

karthick-s-n@karthick-s-n-1-2:~/Desktop/LINUX_TRNG/module5$ 

karthick-s-n@karthick-s-n-1-2:~/Desktop/LINUX_TRNG/module5$ ./file_analyzer.sh -d test_info_dir -k error

YO!!!!!! Searching directory 'test_info_dir' for keyword 'error'...
Found 'error' in: test_info_dir/logs/errors/log3.txt
Found 'error' in: test_info_dir/logs/log1.txt
Found 'error' in: test_info_dir/logs/log2.txt
Found 'error' in: test_info_dir/script.sh
Exit Status: 0
karthick-s-n@karthick-s-n-1-2:~/Desktop/LINUX_TRNG/module5$ cat errors.log 

Error: Invalid usage. Use --help for execution usage info!!!!!!!

karthick-s-n@karthick-s-n-1-2:~/Desktop/LINUX_TRNG/module5$ ./file_analyzer.sh -f test_info_dir -k TODO

YO!!!!!! Searching for 'TODO' in file 'test_info_dir'...
cat: test_info_dir: Is a directory
Oh nooo!!! Keyword 'TODO' not found in 'test_info_dir'.
Exit Status: 0

karthick-s-n@karthick-s-n-1-2:~/Desktop/LINUX_TRNG/module5$ ./file_analyzer.sh -f test_info_dir/script.sh -k TODO

YO!!!!!! Searching for 'TODO' in file 'test_info_dir/script.sh'...
TODO: Implement logging of the logs in the system.
TODO: If Critical error being detected , Try for system restart
Exit Status: 0

karthick-s-n@karthick-s-n-1-2:~/Desktop/LINUX_TRNG/module5$ ./file_analyzer.sh -d test_info_dir/logs -k error

YO!!!!!! Searching directory 'test_info_dir/logs' for keyword 'error'...
Found 'error' in: test_info_dir/logs/errors/log3.txt
Found 'error' in: test_info_dir/logs/log1.txt
Found 'error' in: test_info_dir/logs/log2.txt
Exit Status: 0

karthick-s-n@karthick-s-n-1-2:~/Desktop/LINUX_TRNG/module5$ 

karthick-s-n@karthick-s-n-1-2:~/Desktop/LINUX_TRNG/module5$ ./file_analyzer.sh --help

Usage: ./file_analyzer.sh [OPTIONS]

Options:
  -d <directory>   to search for a keyword recursively in the specified directory
  -k <keyword>     to search for a keyword
  -f <file>        to search for a keyword in a specified file
  --help           to display the help menu to the user

Example Usage:
  ./file_analyzer.sh -d logs -k error
  ./file_analyzer.sh -f script.sh -k TODO
  ./file_analyzer.sh --help

karthick-s-n@karthick-s-n-1-2:~/Desktop/LINUX_TRNG/module5$ cat errors.log 

Error: Invalid usage. Use --help for execution usage info!!!!!!!

karthick-s-n@karthick-s-n-1-2:~/Desktop/LINUX_TRNG/module5$ ./file_analyzer.sh 

Error: Invalid usage. Use --help for execution usage info!!!!!!!
karthick-s-n@karthick-s-n-1-2:~/Desktop/LINUX_TRNG/module5$ ./file_analyzer.sh -d test -k error
Error: Oh nooo!! directory 'test' does not exist!!!

karthick-s-n@karthick-s-n-1-2:~/Desktop/LINUX_TRNG/module5$ cat errors.log 

Error: Invalid usage. Use --help for execution usage info!!!!!!!
Error: Invalid usage. Use --help for execution usage info!!!!!!!
Error: Oh nooo!! directory 'test' does not exist!!!

karthick-s-n@karthick-s-n-1-2:~/Desktop/LINUX_TRNG/module5$ ./file_analyzer.sh -f test_info_dir/shell.sh -k TODO

Error: File 'test_info_dir/shell.sh' does not exist!

karthick-s-n@karthick-s-n-1-2:~/Desktop/LINUX_TRNG/module5$ 

karthick-s-n@karthick-s-n-1-2:~/Desktop/LINUX_TRNG/module5$ cat errors.log 

Error: Invalid usage. Use --help for execution usage info!!!!!!!
Error: Invalid usage. Use --help for execution usage info!!!!!!!
Error: Oh nooo!! directory 'test' does not exist!!!
Error: File 'test_info_dir/shell.sh' does not exist!

karthick-s-n@karthick-s-n-1-2:~/Desktop/LINUX_TRNG/module5$ 

